This is pdfTeX, Version 3.14159265-2.6-1.40.21 (MiKTeX 2.9.7300 64-bit) (preloaded format=latex 2020.3.5)  5 MAR 2020 19:56
entering extended mode
**"C:/Users/Kevi/AppData/Local/Programs/MiKTeX 2.9/tex/latex/mff/test.tex"
("C:/Users/Kevi/AppData/Local/Programs/MiKTeX 2.9/tex/latex/mff/test.tex"
LaTeX2e <2020-02-02> patch level 5
L3 programming layer <2020-03-03>
("C:\Users\Kevi\AppData\Local\Programs\MiKTeX 2.9\tex/latex/base\latex209.def"
File: latex209.def 2018/08/11 v0.54 Standard LaTeX file


          Entering LaTeX 2.09 COMPATIBILITY MODE
 *************************************************************
    !!WARNING!!    !!WARNING!!    !!WARNING!!    !!WARNING!!   
 
 This mode attempts to provide an emulation of the LaTeX 2.09
 author environment so that OLD documents can be successfully
 processed. It should NOT be used for NEW documents!
 
 New documents should use Standard LaTeX conventions and start
 with the \documentclass command.
 
 Compatibility mode is UNLIKELY TO WORK with LaTeX 2.09 style
 files that change any internal macros, especially not with
 those that change the FONT SELECTION or OUTPUT ROUTINES.
 
 Therefore such style files MUST BE UPDATED to use
          Current Standard LaTeX: LaTeX2e.
 If you suspect that you may be using such a style file, which
 is probably very, very old by now, then you should attempt to
 get it updated by sending a copy of this error message to the
 author of that file.
 *************************************************************

\footheight=\dimen134
\@maxsep=\dimen135
\@dblmaxsep=\dimen136
\@cla=\count167
\@clb=\count168
\mscount=\count169
("C:\Users\Kevi\AppData\Local\Programs\MiKTeX 2.9\tex/latex/base\tracefnt.sty"
Package: tracefnt 2019/10/11 v3.0l Standard LaTeX package (font tracing)
\tracingfonts=\count170
LaTeX Info: Redefining \selectfont on input line 106.
)
\symbold=\mathgroup4
\symsans=\mathgroup5
\symtypewriter=\mathgroup6
\symitalic=\mathgroup7
\symsmallcaps=\mathgroup8
\symslanted=\mathgroup9
LaTeX Font Info:    Redeclaring math alphabet \mathbf on input line 269.
LaTeX Font Info:    Redeclaring math alphabet \mathsf on input line 270.
LaTeX Font Info:    Redeclaring math alphabet \mathtt on input line 271.
LaTeX Font Info:    Redeclaring math alphabet \mathit on input line 277.
LaTeX Info: Redefining \em on input line 287.
("C:\Users\Kevi\AppData\Local\Programs\MiKTeX 2.9\tex/latex/base\latexsym.sty"
Package: latexsym 1998/08/17 v2.2e Standard LaTeX package (lasy symbols)
\symlasy=\mathgroup10
LaTeX Font Info:    Overwriting symbol font `lasy' in version `bold'
(Font)                  U/lasy/m/n --> U/lasy/b/n on input line 52.
)
LaTeX Font Info:    Redeclaring math delimiter \lgroup on input line 333.
LaTeX Font Info:    Redeclaring math delimiter \rgroup on input line 335.
LaTeX Font Info:    Redeclaring math delimiter \bracevert on input line 337.
) ("C:\Users\Kevi\AppData\Local\Programs\MiKTeX 2.9\tex/latex/base\article.cls"
Document Class: article 2019/12/20 v1.4l Standard LaTeX document class
("C:\Users\Kevi\AppData\Local\Programs\MiKTeX 2.9\tex/latex/base\size10.clo"
File: size10.clo 2019/12/20 v1.4l Standard LaTeX file (size option)
)
\c@part=\count171
\c@section=\count172
\c@subsection=\count173
\c@subsubsection=\count174
\c@paragraph=\count175
\c@subparagraph=\count176
\c@figure=\count177
\c@table=\count178
\abovecaptionskip=\skip47
\belowcaptionskip=\skip48
Compatibility mode: definition of \rm ignored.
Compatibility mode: definition of \sf ignored.
Compatibility mode: definition of \tt ignored.
Compatibility mode: definition of \bf ignored.
Compatibility mode: definition of \it ignored.
Compatibility mode: definition of \sl ignored.
Compatibility mode: definition of \sc ignored.
LaTeX Info: Redefining \cal on input line 497.
LaTeX Info: Redefining \mit on input line 498.
\bibindent=\dimen137
)
("C:\Users\Kevi\AppData\Local\Programs\MiKTeX 2.9\tex/latex/mff\mff.sty"
LaTeX Style file MFF.STY, ver. 1.21 [June 1996]
("C:\Users\Kevi\AppData\Local\Programs\MiKTeX 2.9\tex/latex/mff\mfdcdata.tex")
("C:\Users\Kevi\AppData\Local\Programs\MiKTeX 2.9\tex/latex/mff\mfsauter.tex")
("C:\Users\Kevi\AppData\Local\Programs\MiKTeX 2.9\tex/latex/mff\mfcorfnt.tex")
("C:\Users\Kevi\AppData\Local\Programs\MiKTeX 2.9\tex/latex/mff\mftricks.tex")
("C:\Users\Kevi\AppData\Local\Programs\MiKTeX 2.9\tex/latex/mff\mfarithm.tex"
\MFF@dimenA=\dimen138
\MFF@dimenB=\dimen139
\MFF@dimenC=\dimen140
\MFF@dimenD=\dimen141
)
\MFF@outfont=\write3
\MFF@checkfont=\read2
)
("C:\Users\Kevi\AppData\Local\Programs\MiKTeX 2.9\tex/latex/l3backend\l3backend
-dvips.def"
File: l3backend-dvips.def 2020-02-23 L3 backend support: dvips
\l__pdf_internal_box=\box45
\g__pdf_backend_object_int=\count179
\l__pdf_backend_content_box=\box46
\l__pdf_backend_model_box=\box47
\g__pdf_backend_annotation_int=\count180
\g__pdf_backend_link_int=\count181
\g__pdf_backend_link_sf_int=\count182
) (test.aux)
\openout1 = `test.aux'.

LaTeX Font Info:    Checking defaults for OML/cmm/m/it on input line 3.
LaTeX Font Info:    ... okay on input line 3.
LaTeX Font Info:    Checking defaults for OMS/cmsy/m/n on input line 3.
LaTeX Font Info:    ... okay on input line 3.
LaTeX Font Info:    Checking defaults for OT1/cmr/m/n on input line 3.
LaTeX Font Info:    ... okay on input line 3.
LaTeX Font Info:    Checking defaults for T1/cmr/m/n on input line 3.
LaTeX Font Info:    ... okay on input line 3.
LaTeX Font Info:    Checking defaults for TS1/cmr/m/n on input line 3.
LaTeX Font Info:    ... okay on input line 3.
LaTeX Font Info:    Checking defaults for OMX/cmex/m/n on input line 3.
LaTeX Font Info:    ... okay on input line 3.
LaTeX Font Info:    Checking defaults for U/cmr/m/n on input line 3.
LaTeX Font Info:    ... okay on input line 3.
\openout3 = `xxz15.mf'.


<MFF/line=11>: No file xxz15.tfm -- dummy font will be used
<MFF/line=11>: Do not forget to process xxz15.mf and reprocess this file
("C:\Users\Kevi\AppData\Local\Programs\MiKTeX 2.9\tex/latex/mff\table.tex")
LaTeX Font Info:    External font `cmex10' loaded for size
(Font)              <7> on input line 15.
LaTeX Font Info:    External font `cmex10' loaded for size
(Font)              <5> on input line 15.
LaTeX Font Info:    Trying to load font information for U+lasy on input line 15
.

("C:\Users\Kevi\AppData\Local\Programs\MiKTeX 2.9\tex/latex/base\ulasy.fd"
File: ulasy.fd 1998/08/17 v2.2e LaTeX symbol font definitions
)
Missing character: There is no   in font dummy!
Missing character: There is no  in font dummy!
Missing character: There is no  in font dummy!
Missing character: There is no  in font dummy!
Missing character: There is no  in font dummy!
Missing character: There is no  in font dummy!
Missing character: There is no  in font dummy!
Missing character: There is no  in font dummy!
Missing character: There is no  in font dummy!
Missing character: There is no 	 in font dummy!
Missing character: There is no 
 in font dummy!
Missing character: There is no  in font dummy!
Missing character: There is no  in font dummy!
Missing character: There is no  in font dummy!
Missing character: There is no  in font dummy!
Missing character: There is no  in font dummy!
Missing character: There is no  in font dummy!
Missing character: There is no  in font dummy!
Missing character: There is no  in font dummy!
Missing character: There is no  in font dummy!
Missing character: There is no  in font dummy!
Missing character: There is no  in font dummy!
Missing character: There is no  in font dummy!
Missing character: There is no  in font dummy!
Missing character: There is no  in font dummy!
Missing character: There is no  in font dummy!
Missing character: There is no  in font dummy!
Missing character: There is no  in font dummy!
Missing character: There is no  in font dummy!
Missing character: There is no  in font dummy!
Missing character: There is no  in font dummy!
Missing character: There is no  in font dummy!
Missing character: There is no   in font dummy!
Missing character: There is no ! in font dummy!
Missing character: There is no " in font dummy!
Missing character: There is no # in font dummy!
Missing character: There is no $ in font dummy!
Missing character: There is no % in font dummy!
Missing character: There is no & in font dummy!
Missing character: There is no ' in font dummy!
Missing character: There is no ( in font dummy!
Missing character: There is no ) in font dummy!
Missing character: There is no * in font dummy!
Missing character: There is no + in font dummy!
Missing character: There is no , in font dummy!
Missing character: There is no - in font dummy!
Missing character: There is no . in font dummy!
Missing character: There is no / in font dummy!
Missing character: There is no 0 in font dummy!
Missing character: There is no 1 in font dummy!
Missing character: There is no 2 in font dummy!
Missing character: There is no 3 in font dummy!
Missing character: There is no 4 in font dummy!
Missing character: There is no 5 in font dummy!
Missing character: There is no 6 in font dummy!
Missing character: There is no 7 in font dummy!
Missing character: There is no 8 in font dummy!
Missing character: There is no 9 in font dummy!
Missing character: There is no : in font dummy!
Missing character: There is no ; in font dummy!
Missing character: There is no < in font dummy!
Missing character: There is no = in font dummy!
Missing character: There is no > in font dummy!
Missing character: There is no ? in font dummy!
Missing character: There is no @ in font dummy!
Missing character: There is no A in font dummy!
Missing character: There is no B in font dummy!
Missing character: There is no C in font dummy!
Missing character: There is no D in font dummy!
Missing character: There is no E in font dummy!
Missing character: There is no F in font dummy!
Missing character: There is no G in font dummy!
Missing character: There is no H in font dummy!
Missing character: There is no I in font dummy!
Missing character: There is no J in font dummy!
Missing character: There is no K in font dummy!
Missing character: There is no L in font dummy!
Missing character: There is no M in font dummy!
Missing character: There is no N in font dummy!
Missing character: There is no O in font dummy!
Missing character: There is no P in font dummy!
Missing character: There is no Q in font dummy!
Missing character: There is no R in font dummy!
Missing character: There is no S in font dummy!
Missing character: There is no T in font dummy!
Missing character: There is no U in font dummy!
Missing character: There is no V in font dummy!
Missing character: There is no W in font dummy!
Missing character: There is no X in font dummy!
Missing character: There is no Y in font dummy!
Missing character: There is no Z in font dummy!
Missing character: There is no [ in font dummy!
Missing character: There is no \ in font dummy!
Missing character: There is no ] in font dummy!
Missing character: There is no ^ in font dummy!
Missing character: There is no _ in font dummy!
Missing character: There is no ` in font dummy!
Missing character: There is no a in font dummy!
Missing character: There is no b in font dummy!
Missing character: There is no c in font dummy!
Missing character: There is no d in font dummy!
Missing character: There is no e in font dummy!
Missing character: There is no f in font dummy!
Missing character: There is no g in font dummy!
Missing character: There is no h in font dummy!
Missing character: There is no i in font dummy!
Missing character: There is no j in font dummy!
Missing character: There is no k in font dummy!
Missing character: There is no l in font dummy!
Missing character: There is no m in font dummy!
Missing character: There is no n in font dummy!
Missing character: There is no o in font dummy!
Missing character: There is no p in font dummy!
Missing character: There is no q in font dummy!
Missing character: There is no r in font dummy!
Missing character: There is no s in font dummy!
Missing character: There is no t in font dummy!
Missing character: There is no u in font dummy!
Missing character: There is no v in font dummy!
Missing character: There is no w in font dummy!
Missing character: There is no x in font dummy!
Missing character: There is no y in font dummy!
Missing character: There is no z in font dummy!
Missing character: There is no { in font dummy!
Missing character: There is no | in font dummy!
Missing character: There is no } in font dummy!
Missing character: There is no ~ in font dummy!
Missing character: There is no  in font dummy!
Missing character: There is no Ä in font dummy!
Missing character: There is no Å in font dummy!
Missing character: There is no Ç in font dummy!
Missing character: There is no É in font dummy!
Missing character: There is no Ñ in font dummy!
Missing character: There is no Ö in font dummy!
Missing character: There is no Ü in font dummy!
Missing character: There is no á in font dummy!
Missing character: There is no à in font dummy!
Missing character: There is no â in font dummy!
Missing character: There is no ä in font dummy!
Missing character: There is no ã in font dummy!
Missing character: There is no å in font dummy!
Missing character: There is no ç in font dummy!
Missing character: There is no é in font dummy!
Missing character: There is no è in font dummy!
Missing character: There is no ê in font dummy!
Missing character: There is no ë in font dummy!
Missing character: There is no í in font dummy!
Missing character: There is no ì in font dummy!
Missing character: There is no î in font dummy!
Missing character: There is no ï in font dummy!
Missing character: There is no ñ in font dummy!
Missing character: There is no ó in font dummy!
Missing character: There is no ò in font dummy!
Missing character: There is no ô in font dummy!
Missing character: There is no ö in font dummy!
Missing character: There is no õ in font dummy!
Missing character: There is no ú in font dummy!
Missing character: There is no ù in font dummy!
Missing character: There is no û in font dummy!
Missing character: There is no ü in font dummy!
Missing character: There is no † in font dummy!
Missing character: There is no ° in font dummy!
Missing character: There is no ¢ in font dummy!
Missing character: There is no £ in font dummy!
Missing character: There is no § in font dummy!
Missing character: There is no • in font dummy!
Missing character: There is no ¶ in font dummy!
Missing character: There is no ß in font dummy!
Missing character: There is no ® in font dummy!
Missing character: There is no © in font dummy!
Missing character: There is no ™ in font dummy!
Missing character: There is no ´ in font dummy!
Missing character: There is no ¨ in font dummy!
Missing character: There is no ≠ in font dummy!
Missing character: There is no Æ in font dummy!
Missing character: There is no Ø in font dummy!
Missing character: There is no ∞ in font dummy!
Missing character: There is no ± in font dummy!
Missing character: There is no ≤ in font dummy!
Missing character: There is no ≥ in font dummy!
Missing character: There is no ¥ in font dummy!
Missing character: There is no µ in font dummy!
Missing character: There is no ∂ in font dummy!
Missing character: There is no ∑ in font dummy!
Missing character: There is no ∏ in font dummy!
Missing character: There is no π in font dummy!
Missing character: There is no ∫ in font dummy!
Missing character: There is no ª in font dummy!
Missing character: There is no º in font dummy!
Missing character: There is no Ω in font dummy!
Missing character: There is no æ in font dummy!
Missing character: There is no ø in font dummy!
Missing character: There is no ¿ in font dummy!
Missing character: There is no ¡ in font dummy!
Missing character: There is no ¬ in font dummy!
Missing character: There is no √ in font dummy!
Missing character: There is no ƒ in font dummy!
Missing character: There is no ≈ in font dummy!
Missing character: There is no ∆ in font dummy!
Missing character: There is no « in font dummy!
Missing character: There is no » in font dummy!
Missing character: There is no … in font dummy!
Missing character: There is no   in font dummy!
Missing character: There is no À in font dummy!
Missing character: There is no Ã in font dummy!
Missing character: There is no Õ in font dummy!
Missing character: There is no Œ in font dummy!
Missing character: There is no œ in font dummy!
Missing character: There is no – in font dummy!
Missing character: There is no — in font dummy!
Missing character: There is no “ in font dummy!
Missing character: There is no ” in font dummy!
Missing character: There is no ‘ in font dummy!
Missing character: There is no ’ in font dummy!
Missing character: There is no ÷ in font dummy!
Missing character: There is no ◊ in font dummy!
Missing character: There is no ÿ in font dummy!
Missing character: There is no Ÿ in font dummy!
Missing character: There is no ⁄ in font dummy!
Missing character: There is no € in font dummy!
Missing character: There is no ‹ in font dummy!
Missing character: There is no › in font dummy!
Missing character: There is no ﬁ in font dummy!
Missing character: There is no ﬂ in font dummy!
Missing character: There is no ‡ in font dummy!
Missing character: There is no · in font dummy!
Missing character: There is no ‚ in font dummy!
Missing character: There is no „ in font dummy!
Missing character: There is no ‰ in font dummy!
Missing character: There is no Â in font dummy!
Missing character: There is no Ê in font dummy!
Missing character: There is no Á in font dummy!
Missing character: There is no Ë in font dummy!
Missing character: There is no È in font dummy!
Missing character: There is no Í in font dummy!
Missing character: There is no Î in font dummy!
Missing character: There is no Ï in font dummy!
Missing character: There is no Ì in font dummy!
Missing character: There is no Ó in font dummy!
Missing character: There is no Ô in font dummy!
Missing character: There is no  in font dummy!
Missing character: There is no Ò in font dummy!
Missing character: There is no Ú in font dummy!
Missing character: There is no Û in font dummy!
Missing character: There is no Ù in font dummy!
Missing character: There is no ı in font dummy!
Missing character: There is no ˆ in font dummy!
Missing character: There is no ˜ in font dummy!
Missing character: There is no ¯ in font dummy!
Missing character: There is no ˘ in font dummy!
Missing character: There is no ˙ in font dummy!
Missing character: There is no ˚ in font dummy!
Missing character: There is no ¸ in font dummy!
Missing character: There is no ˝ in font dummy!
Missing character: There is no ˛ in font dummy!
Missing character: There is no ˇ in font dummy!

[1

] (test.aux) ) 
Here is how much of TeX's memory you used:
 1782 strings out of 481293
 30764 string characters out of 2908279
 311125 words of memory out of 3000000
 17320 multiletter control sequences out of 15000+200000
 538787 words of font info for 49 fonts, out of 3000000 for 9000
 1141 hyphenation exceptions out of 8191
 22i,9n,24p,253b,201s stack positions out of 5000i,500n,10000p,200000b,50000s

Output written on test.dvi (1 page, 8736 bytes).
